// Jest Snapshot v1, https://goo.gl/fbAQLP

exports[`renders correctly 1`] = `
<View
  accessible={true}
  focusable={false}
  isTVSelectable={true}
  onClick={[Function]}
  onResponderGrant={[Function]}
  onResponderMove={[Function]}
  onResponderRelease={[Function]}
  onResponderTerminate={[Function]}
  onResponderTerminationRequest={[Function]}
  onStartShouldSetResponder={[Function]}
  style={
    Object {
      "alignItems": "center",
      "backgroundColor": "#2AC062",
      "borderRadius": 5,
      "display": "flex",
      "height": 50,
      "justifyContent": "center",
      "opacity": 1,
      "shadowColor": "#2AC062",
      "shadowOffset": Object {
        "height": 10,
        "width": 0,
      },
      "shadowOpacity": 0.4,
      "shadowRadius": 20,
    }
  }
>
  <Text
    style={
      Array [
        Object {
          "color": "#FFFFFF",
          "fontSize": 16,
          "textTransform": "uppercase",
        },
        Object {},
      ]
    }
  />
</View>
`;
